MO FIFO NULL FIFO.v vlg7C/_f_i_f_o.bin 1569536828
MO UART NULL UART.v vlg48/_u_a_r_t.bin 1569536828
MO BaudRateGen NULL BaudRateGen.v vlg32/_baud_rate_gen.bin 1569536828
MO Int_Rx NULL Int_Rx.v vlg28/_int___rx.bin 1569537353
MO Int_Tx NULL Int_Tx.v vlg32/_int___tx.bin 1569541648
MO Rx NULL Rx.v vlg12/_rx.bin 1569536828
MO Tx NULL Tx.v vlg1C/_tx.bin 1569536828
