--------------------------------------------------------------------------------
Release 14.7 Trace  (nt)
Copyright (c) 1995-2013 Xilinx, Inc.  All rights reserved.

C:\Xilinx\14.7\ISE_DS\ISE\bin\nt\unwrapped\trce.exe -intstyle ise -v 3 -s 4 -n
3 -fastpaths -xml ProgramaTP2.twx ProgramaTP2.ncd -o ProgramaTP2.twr
ProgramaTP2.pcf -ucf ProgramaTP2.ucf

Design file:              ProgramaTP2.ncd
Physical constraint file: ProgramaTP2.pcf
Device,package,speed:     xc3s100e,cp132,-4 (PRODUCTION 1.27 2013-10-13)
Report level:             verbose report

Environment Variable      Effect 
--------------------      ------ 
NONE                      No environment variables were set
--------------------------------------------------------------------------------

INFO:Timing:2698 - No timing constraints found, doing default enumeration.
INFO:Timing:3412 - To improve timing, see the Timing Closure User Guide (UG612).
INFO:Timing:2752 - To get complete path coverage, use the unconstrained paths 
   option. All paths that are not constrained will be reported in the 
   unconstrained paths section(s) of the report.
INFO:Timing:3339 - The clock-to-out numbers in this timing report are based on 
   a 50 Ohm transmission line loading model.  For the details of this model, 
   and for more information on accounting for different loading conditions, 
   please see the device datasheet.
INFO:Timing:3390 - This architecture does not support a default System Jitter 
   value, please add SYSTEM_JITTER constraint to the UCF to modify the Clock 
   Uncertainty calculation.
INFO:Timing:3389 - This architecture does not support 'Discrete Jitter' and 
   'Phase Error' calculations, these terms will be zero in the Clock 
   Uncertainty calculation.  Please make appropriate modification to 
   SYSTEM_JITTER to account for the unsupported Discrete Jitter and Phase 
   Error.



Data Sheet report:
-----------------
All values displayed in nanoseconds (ns)

Setup/Hold to clock CLK
------------+------------+------------+------------------+--------+
            |Max Setup to|Max Hold to |                  | Clock  |
Source      | clk (edge) | clk (edge) |Internal Clock(s) | Phase  |
------------+------------+------------+------------------+--------+
RESET       |    1.354(R)|    0.430(R)|CLK_BUFGP         |   0.000|
RX          |    3.135(R)|    0.180(R)|CLK_BUFGP         |   0.000|
------------+------------+------------+------------------+--------+

Clock CLK to Pad
------------+------------+------------------+--------+
            | clk (edge) |                  | Clock  |
Destination |   to PAD   |Internal Clock(s) | Phase  |
------------+------------+------------------+--------+
LEDS<0>     |    9.780(R)|CLK_BUFGP         |   0.000|
LEDS<1>     |    9.590(R)|CLK_BUFGP         |   0.000|
LEDS<2>     |    9.868(R)|CLK_BUFGP         |   0.000|
LEDS<3>     |    9.943(R)|CLK_BUFGP         |   0.000|
LEDS<4>     |   10.322(R)|CLK_BUFGP         |   0.000|
LEDS<5>     |   11.853(R)|CLK_BUFGP         |   0.000|
STATE<0>    |    8.170(R)|CLK_BUFGP         |   0.000|
STATE<1>    |    8.141(R)|CLK_BUFGP         |   0.000|
STATE<2>    |    8.583(R)|CLK_BUFGP         |   0.000|
STATE<3>    |    8.148(R)|CLK_BUFGP         |   0.000|
STATE<4>    |    8.273(R)|CLK_BUFGP         |   0.000|
STATE<5>    |    7.969(R)|CLK_BUFGP         |   0.000|
STATE<6>    |    8.169(R)|CLK_BUFGP         |   0.000|
STATE<7>    |    8.801(R)|CLK_BUFGP         |   0.000|
TX          |    7.296(R)|CLK_BUFGP         |   0.000|
------------+------------+------------------+--------+

Clock to Setup on destination clock CLK
---------------+---------+---------+---------+---------+
               | Src:Rise| Src:Fall| Src:Rise| Src:Fall|
Source Clock   |Dest:Rise|Dest:Rise|Dest:Fall|Dest:Fall|
---------------+---------+---------+---------+---------+
CLK            |    9.523|         |         |         |
---------------+---------+---------+---------+---------+


Analysis completed Wed Nov 06 19:29:53 2019 
--------------------------------------------------------------------------------

Trace Settings:
-------------------------
Trace Settings 

Peak Memory Usage: 158 MB



